#
# There is insufficient memory for the Java Runtime Environment to continue.
# Native memory allocation (malloc) failed to allocate 65552 bytes. Error detail: Chunk::new
# Possible reasons:
#   The system is out of physical RAM or swap space
#   This process is running with CompressedOops enabled, and the Java Heap may be blocking the growth of the native heap
# Possible solutions:
#   Reduce memory load on the system
#   Increase physical memory or swap space
#   Check if swap backing store is full
#   Decrease Java heap size (-Xmx/-Xms)
#   Decrease number of Java threads
#   Decrease Java thread stack sizes (-Xss)
#   Set larger code cache with -XX:ReservedCodeCacheSize=
#   JVM is running with Unscaled Compressed Oops mode in which the Java heap is
#     placed in the first 4GB address space. The Java Heap base address is the
#     maximum limit for the native heap growth. Please use -XX:HeapBaseMinAddress
#     to set the Java Heap base and to place the Java Heap above 4GB virtual address.
# This output file may be truncated or incomplete.
#
#  Out of Memory Error (arena.cpp:149), pid=17440, tid=13724
#
# JRE version: Java(TM) SE Runtime Environment (23.0.1+11) (build 23.0.1+11-39)
# Java VM: Java HotSpot(TM) 64-Bit Server VM (23.0.1+11-39, mixed mode, sharing, tiered, compressed oops, compressed class ptrs, g1 gc, windows-amd64)
# No core dump will be written. Minidumps are not enabled by default on client versions of Windows
#

---------------  S U M M A R Y ------------

Command Line: -Dfile.encoding=UTF-8 --enable-preview --module-path=C:\Users\julia\OneDrive\Desktop\TokkoDesktop\build\classes tokkoku.Pembelian_karyawan

Host: 11th Gen Intel(R) Core(TM) i3-1115G4 @ 3.00GHz, 4 cores, 3G,  Windows 11 , 64 bit Build 26100 (10.0.26100.3912)
Time: Tue May 27 18:07:27 2025 SE Asia Standard Time elapsed time: 8.460118 seconds (0d 0h 0m 8s)

---------------  T H R E A D  ---------------

Current thread (0x00000260b37d1290):  JavaThread "C2 CompilerThread0" daemon [_thread_in_native, id=13724, stack(0x000000b72fa00000,0x000000b72fb00000) (1024K)]


Current CompileTask:
C2:8460 1600 % !   4       sun.awt.image.ImageRepresentation::getOpaqueRGBImage @ 54 (164 bytes)

Stack: [0x000000b72fa00000,0x000000b72fb00000]
Native frames: (J=compiled Java code, j=interpreted, Vv=VM code, C=native code)
V  [jvm.dll+0x6e08b9]  (no source info available)
V  [jvm.dll+0x87dc83]  (no source info available)
V  [jvm.dll+0x88010e]  (no source info available)
V  [jvm.dll+0x8807e3]  (no source info available)
V  [jvm.dll+0x27aee6]  (no source info available)
V  [jvm.dll+0xbc06f]  (no source info available)
V  [jvm.dll+0xbc2cb]  (no source info available)
V  [jvm.dll+0xb36cd]  (no source info available)
V  [jvm.dll+0x6065f6]  (no source info available)
V  [jvm.dll+0x24ddf2]  (no source info available)
V  [jvm.dll+0x24671d]  (no source info available)
V  [jvm.dll+0x243d04]  (no source info available)
V  [jvm.dll+0x1c33a0]  (no source info available)
V  [jvm.dll+0x253cf1]  (no source info available)
V  [jvm.dll+0x251faa]  (no source info available)
V  [jvm.dll+0x3ee036]  (no source info available)
V  [jvm.dll+0x824f8b]  (no source info available)
V  [jvm.dll+0x6df065]  (no source info available)
C  [ucrtbase.dll+0x37b0]  (no source info available)
C  [KERNEL32.DLL+0x2e8d7]  (no source info available)
C  [ntdll.dll+0x9c5dc]  (no source info available)

Lock stack of current Java thread (top to bottom):


---------------  P R O C E S S  ---------------

Threads class SMR info:
_java_thread_list=0x00000260f9c2ec70, length=17, elements={
0x00000260b37c3d70, 0x00000260b37c56f0, 0x00000260b37c9ab0, 0x00000260b37cc610,
0x00000260b37ceba0, 0x00000260b37cf6f0, 0x00000260b37d1290, 0x00000260b37ed970,
0x00000260b38f1ac0, 0x00000260b3a38a20, 0x00000260b3baa830, 0x00000260b3badd10,
0x00000260f98aed20, 0x00000260f98af390, 0x000002609676d820, 0x00000260f9cb3ea0,
0x00000260f9f22700
}

Java Threads: ( => current thread )
  0x00000260b37c3d70 JavaThread "Reference Handler"          daemon [_thread_blocked, id=2556, stack(0x000000b72f400000,0x000000b72f500000) (1024K)]
  0x00000260b37c56f0 JavaThread "Finalizer"                  daemon [_thread_blocked, id=16048, stack(0x000000b72f500000,0x000000b72f600000) (1024K)]
  0x00000260b37c9ab0 JavaThread "Signal Dispatcher"          daemon [_thread_blocked, id=17872, stack(0x000000b72f600000,0x000000b72f700000) (1024K)]
  0x00000260b37cc610 JavaThread "Attach Listener"            daemon [_thread_blocked, id=9420, stack(0x000000b72f700000,0x000000b72f800000) (1024K)]
  0x00000260b37ceba0 JavaThread "Service Thread"             daemon [_thread_blocked, id=14540, stack(0x000000b72f800000,0x000000b72f900000) (1024K)]
  0x00000260b37cf6f0 JavaThread "Monitor Deflation Thread"   daemon [_thread_blocked, id=2568, stack(0x000000b72f900000,0x000000b72fa00000) (1024K)]
=>0x00000260b37d1290 JavaThread "C2 CompilerThread0"         daemon [_thread_in_native, id=13724, stack(0x000000b72fa00000,0x000000b72fb00000) (1024K)]
  0x00000260b37ed970 JavaThread "C1 CompilerThread0"         daemon [_thread_blocked, id=17908, stack(0x000000b72fb00000,0x000000b72fc00000) (1024K)]
  0x00000260b38f1ac0 JavaThread "Common-Cleaner"             daemon [_thread_blocked, id=17476, stack(0x000000b72fc00000,0x000000b72fd00000) (1024K)]
  0x00000260b3a38a20 JavaThread "Notification Thread"        daemon [_thread_blocked, id=10936, stack(0x000000b72fd00000,0x000000b72fe00000) (1024K)]
  0x00000260b3baa830 JavaThread "Java2D Disposer"            daemon [_thread_blocked, id=4120, stack(0x000000b72fe00000,0x000000b72ff00000) (1024K)]
  0x00000260b3badd10 JavaThread "AWT-Windows"                daemon [_thread_in_native, id=7132, stack(0x000000b730000000,0x000000b730100000) (1024K)]
  0x00000260f98aed20 JavaThread "AWT-Shutdown"                      [_thread_blocked, id=15448, stack(0x000000b72ff00000,0x000000b730000000) (1024K)]
  0x00000260f98af390 JavaThread "AWT-EventQueue-0"                  [_thread_in_native, id=4780, stack(0x000000b730100000,0x000000b730200000) (1024K)]
  0x000002609676d820 JavaThread "DestroyJavaVM"                     [_thread_blocked, id=16208, stack(0x000000b72ec00000,0x000000b72ed00000) (1024K)]
  0x00000260f9cb3ea0 JavaThread "TimerQueue"                 daemon [_thread_blocked, id=6996, stack(0x000000b730200000,0x000000b730300000) (1024K)]
  0x00000260f9f22700 JavaThread "Image Fetcher 0"            daemon [_thread_blocked, id=14064, stack(0x000000b730300000,0x000000b730400000) (1024K)]
Total: 17

Other Threads:
  0x0000026098b2baf0 VMThread "VM Thread"                           [id=17812, stack(0x000000b72f300000,0x000000b72f400000) (1024K)]
  0x00000260b37aad60 WatcherThread "VM Periodic Task Thread"        [id=14032, stack(0x000000b72f200000,0x000000b72f300000) (1024K)]
  0x0000026098a9e3a0 WorkerThread "GC Thread#0"                     [id=8880, stack(0x000000b72ed00000,0x000000b72ee00000) (1024K)]
  0x00000260f9f734f0 WorkerThread "GC Thread#1"                     [id=4908, stack(0x000000b730400000,0x000000b730500000) (1024K)]
  0x00000260f9f738a0 WorkerThread "GC Thread#2"                     [id=15488, stack(0x000000b730500000,0x000000b730600000) (1024K)]
  0x00000260fa0c5070 WorkerThread "GC Thread#3"                     [id=16992, stack(0x000000b730600000,0x000000b730700000) (1024K)]
  0x0000026098aa8810 ConcurrentGCThread "G1 Main Marker"            [id=17936, stack(0x000000b72ee00000,0x000000b72ef00000) (1024K)]
  0x0000026098aa9320 WorkerThread "G1 Conc#0"                       [id=6860, stack(0x000000b72ef00000,0x000000b72f000000) (1024K)]
  0x0000026098b04fd0 ConcurrentGCThread "G1 Refine#0"               [id=18408, stack(0x000000b72f000000,0x000000b72f100000) (1024K)]
  0x0000026098b06a00 ConcurrentGCThread "G1 Service"                [id=17692, stack(0x000000b72f100000,0x000000b72f200000) (1024K)]
Total: 10

Threads with active compile tasks:
C2 CompilerThread0  8716 1600 % !   4       sun.awt.image.ImageRepresentation::getOpaqueRGBImage @ 54 (164 bytes)
Total: 1

VM state: not at safepoint (normal execution)

VM Mutex/Monitor currently owned by a thread: None

Heap address: 0x00000000c4c00000, size: 948 MB, Compressed Oops mode: 32-bit

CDS archive(s) mapped at: [0x00000260b4000000-0x00000260b4d70000-0x00000260b4d70000), size 14090240, SharedBaseAddress: 0x00000260b4000000, ArchiveRelocationMode: 1.
Compressed class space mapped at: 0x00000260b5000000-0x00000260f5000000, reserved size: 1073741824
Narrow klass base: 0x00000260b4000000, Narrow klass shift: 0, Narrow klass range: 0x41000000

GC Precious Log:
 CardTable entry size: 512
 Card Set container configuration: InlinePtr #cards 5 size 8 Array Of Cards #cards 10 size 36 Howl #buckets 4 coarsen threshold 1843 Howl Bitmap #cards 512 size 80 coarsen threshold 460 Card regions per heap region 1 cards per card region 2048
 CPUs: 4 total, 4 available
 Memory: 3790M
 Large Page Support: Disabled
 NUMA Support: Disabled
 Compressed Oops: Enabled (32-bit)
 Heap Region Size: 1M
 Heap Min Capacity: 8M
 Heap Initial Capacity: 60M
 Heap Max Capacity: 948M
 Pre-touch: Disabled
 Parallel Workers: 4
 Concurrent Workers: 1
 Concurrent Refinement Workers: 4
 Periodic GC: Disabled

Heap:
 garbage-first heap   total reserved 970752K, committed 61440K, used 15104K [0x00000000c4c00000, 0x0000000100000000)
  region size 1024K, 7 young (7168K), 2 survivors (2048K)
 Metaspace       used 11677K, committed 11840K, reserved 1114112K
  class space    used 1433K, committed 1536K, reserved 1048576K

Heap Regions: E=young(eden), S=young(survivor), O=old, HS=humongous(starts), HC=humongous(continues), CS=collection set, F=free, TAMS=top-at-mark-start, PB=parsable bottom
|   0|0x00000000c4c00000, 0x00000000c4d00000, 0x00000000c4d00000|100%|HS|  |TAMS 0x00000000c4c00000| PB 0x00000000c4c00000| Complete |  0
|   1|0x00000000c4d00000, 0x00000000c4e00000, 0x00000000c4e00000|100%|HC|  |TAMS 0x00000000c4d00000| PB 0x00000000c4d00000| Complete |  0
|   2|0x00000000c4e00000, 0x00000000c4f00000, 0x00000000c4f00000|100%|HC|  |TAMS 0x00000000c4e00000| PB 0x00000000c4e00000| Complete |  0
|   3|0x00000000c4f00000, 0x00000000c5000000, 0x00000000c5000000|100%|HC|  |TAMS 0x00000000c4f00000| PB 0x00000000c4f00000| Complete |  0
|   4|0x00000000c5000000, 0x00000000c5100000, 0x00000000c5100000|100%|HC|  |TAMS 0x00000000c5000000| PB 0x00000000c5000000| Complete |  0
|   5|0x00000000c5100000, 0x00000000c5200000, 0x00000000c5200000|100%| O|  |TAMS 0x00000000c5100000| PB 0x00000000c5100000| Untracked |  0
|   6|0x00000000c5200000, 0x00000000c5300000, 0x00000000c5300000|100%| O|  |TAMS 0x00000000c5200000| PB 0x00000000c5200000| Untracked |  0
|   7|0x00000000c5300000, 0x00000000c5400000, 0x00000000c5400000|100%| O|  |TAMS 0x00000000c5300000| PB 0x00000000c5300000| Untracked |  0
|   8|0x00000000c5400000, 0x00000000c54c0000, 0x00000000c5500000| 75%| O|  |TAMS 0x00000000c5400000| PB 0x00000000c5400000| Untracked |  0
|   9|0x00000000c5500000, 0x00000000c5500000, 0x00000000c5600000|  0%| F|  |TAMS 0x00000000c5500000| PB 0x00000000c5500000| Untracked |  0
|  10|0x00000000c5600000, 0x00000000c5600000, 0x00000000c5700000|  0%| F|  |TAMS 0x00000000c5600000| PB 0x00000000c5600000| Untracked |  0
|  11|0x00000000c5700000, 0x00000000c5700000, 0x00000000c5800000|  0%| F|  |TAMS 0x00000000c5700000| PB 0x00000000c5700000| Untracked |  0
|  12|0x00000000c5800000, 0x00000000c5800000, 0x00000000c5900000|  0%| F|  |TAMS 0x00000000c5800000| PB 0x00000000c5800000| Untracked |  0
|  13|0x00000000c5900000, 0x00000000c5900000, 0x00000000c5a00000|  0%| F|  |TAMS 0x00000000c5900000| PB 0x00000000c5900000| Untracked |  0
|  14|0x00000000c5a00000, 0x00000000c5a00000, 0x00000000c5b00000|  0%| F|  |TAMS 0x00000000c5a00000| PB 0x00000000c5a00000| Untracked |  0
|  15|0x00000000c5b00000, 0x00000000c5b00000, 0x00000000c5c00000|  0%| F|  |TAMS 0x00000000c5b00000| PB 0x00000000c5b00000| Untracked |  0
|  16|0x00000000c5c00000, 0x00000000c5c00000, 0x00000000c5d00000|  0%| F|  |TAMS 0x00000000c5c00000| PB 0x00000000c5c00000| Untracked |  0
|  17|0x00000000c5d00000, 0x00000000c5d00000, 0x00000000c5e00000|  0%| F|  |TAMS 0x00000000c5d00000| PB 0x00000000c5d00000| Untracked |  0
|  18|0x00000000c5e00000, 0x00000000c5e00000, 0x00000000c5f00000|  0%| F|  |TAMS 0x00000000c5e00000| PB 0x00000000c5e00000| Untracked |  0
|  19|0x00000000c5f00000, 0x00000000c5f00000, 0x00000000c6000000|  0%| F|  |TAMS 0x00000000c5f00000| PB 0x00000000c5f00000| Untracked |  0
|  20|0x00000000c6000000, 0x00000000c6000000, 0x00000000c6100000|  0%| F|  |TAMS 0x00000000c6000000| PB 0x00000000c6000000| Untracked |  0
|  21|0x00000000c6100000, 0x00000000c6100000, 0x00000000c6200000|  0%| F|  |TAMS 0x00000000c6100000| PB 0x00000000c6100000| Untracked |  0
|  22|0x00000000c6200000, 0x00000000c6200000, 0x00000000c6300000|  0%| F|  |TAMS 0x00000000c6200000| PB 0x00000000c6200000| Untracked |  0
|  23|0x00000000c6300000, 0x00000000c6300000, 0x00000000c6400000|  0%| F|  |TAMS 0x00000000c6300000| PB 0x00000000c6300000| Untracked |  0
|  24|0x00000000c6400000, 0x00000000c6400000, 0x00000000c6500000|  0%| F|  |TAMS 0x00000000c6400000| PB 0x00000000c6400000| Untracked |  0
|  25|0x00000000c6500000, 0x00000000c6500000, 0x00000000c6600000|  0%| F|  |TAMS 0x00000000c6500000| PB 0x00000000c6500000| Untracked |  0
|  26|0x00000000c6600000, 0x00000000c6600000, 0x00000000c6700000|  0%| F|  |TAMS 0x00000000c6600000| PB 0x00000000c6600000| Untracked |  0
|  27|0x00000000c6700000, 0x00000000c6700000, 0x00000000c6800000|  0%| F|  |TAMS 0x00000000c6700000| PB 0x00000000c6700000| Untracked |  0
|  28|0x00000000c6800000, 0x00000000c6800000, 0x00000000c6900000|  0%| F|  |TAMS 0x00000000c6800000| PB 0x00000000c6800000| Untracked |  0
|  29|0x00000000c6900000, 0x00000000c6900000, 0x00000000c6a00000|  0%| F|  |TAMS 0x00000000c6900000| PB 0x00000000c6900000| Untracked |  0
|  30|0x00000000c6a00000, 0x00000000c6a00000, 0x00000000c6b00000|  0%| F|  |TAMS 0x00000000c6a00000| PB 0x00000000c6a00000| Untracked |  0
|  31|0x00000000c6b00000, 0x00000000c6b00000, 0x00000000c6c00000|  0%| F|  |TAMS 0x00000000c6b00000| PB 0x00000000c6b00000| Untracked |  0
|  32|0x00000000c6c00000, 0x00000000c6c00000, 0x00000000c6d00000|  0%| F|  |TAMS 0x00000000c6c00000| PB 0x00000000c6c00000| Untracked |  0
|  33|0x00000000c6d00000, 0x00000000c6d00000, 0x00000000c6e00000|  0%| F|  |TAMS 0x00000000c6d00000| PB 0x00000000c6d00000| Untracked |  0
|  34|0x00000000c6e00000, 0x00000000c6e00000, 0x00000000c6f00000|  0%| F|  |TAMS 0x00000000c6e00000| PB 0x00000000c6e00000| Untracked |  0
|  35|0x00000000c6f00000, 0x00000000c6f00000, 0x00000000c7000000|  0%| F|  |TAMS 0x00000000c6f00000| PB 0x00000000c6f00000| Untracked |  0
|  36|0x00000000c7000000, 0x00000000c7000000, 0x00000000c7100000|  0%| F|  |TAMS 0x00000000c7000000| PB 0x00000000c7000000| Untracked |  0
|  37|0x00000000c7100000, 0x00000000c7100000, 0x00000000c7200000|  0%| F|  |TAMS 0x00000000c7100000| PB 0x00000000c7100000| Untracked |  0
|  38|0x00000000c7200000, 0x00000000c7200000, 0x00000000c7300000|  0%| F|  |TAMS 0x00000000c7200000| PB 0x00000000c7200000| Untracked |  0
|  39|0x00000000c7300000, 0x00000000c7300000, 0x00000000c7400000|  0%| F|  |TAMS 0x00000000c7300000| PB 0x00000000c7300000| Untracked |  0
|  40|0x00000000c7400000, 0x00000000c7400000, 0x00000000c7500000|  0%| F|  |TAMS 0x00000000c7400000| PB 0x00000000c7400000| Untracked |  0
|  41|0x00000000c7500000, 0x00000000c7500000, 0x00000000c7600000|  0%| F|  |TAMS 0x00000000c7500000| PB 0x00000000c7500000| Untracked |  0
|  42|0x00000000c7600000, 0x00000000c7600000, 0x00000000c7700000|  0%| F|  |TAMS 0x00000000c7600000| PB 0x00000000c7600000| Untracked |  0
|  43|0x00000000c7700000, 0x00000000c7700000, 0x00000000c7800000|  0%| F|  |TAMS 0x00000000c7700000| PB 0x00000000c7700000| Untracked |  0
|  44|0x00000000c7800000, 0x00000000c7900000, 0x00000000c7900000|100%| S|CS|TAMS 0x00000000c7800000| PB 0x00000000c7800000| Complete |  0
|  45|0x00000000c7900000, 0x00000000c7a00000, 0x00000000c7a00000|100%| S|CS|TAMS 0x00000000c7900000| PB 0x00000000c7900000| Complete |  0
|  46|0x00000000c7a00000, 0x00000000c7a00000, 0x00000000c7b00000|  0%| F|  |TAMS 0x00000000c7a00000| PB 0x00000000c7a00000| Untracked |  0
|  47|0x00000000c7b00000, 0x00000000c7b00000, 0x00000000c7c00000|  0%| F|  |TAMS 0x00000000c7b00000| PB 0x00000000c7b00000| Untracked |  0
|  48|0x00000000c7c00000, 0x00000000c7c00000, 0x00000000c7d00000|  0%| F|  |TAMS 0x00000000c7c00000| PB 0x00000000c7c00000| Untracked |  0
|  49|0x00000000c7d00000, 0x00000000c7d00000, 0x00000000c7e00000|  0%| F|  |TAMS 0x00000000c7d00000| PB 0x00000000c7d00000| Untracked |  0
|  50|0x00000000c7e00000, 0x00000000c7e00000, 0x00000000c7f00000|  0%| F|  |TAMS 0x00000000c7e00000| PB 0x00000000c7e00000| Untracked |  0
|  51|0x00000000c7f00000, 0x00000000c7f00000, 0x00000000c8000000|  0%| F|  |TAMS 0x00000000c7f00000| PB 0x00000000c7f00000| Untracked |  0
|  52|0x00000000c8000000, 0x00000000c8000000, 0x00000000c8100000|  0%| F|  |TAMS 0x00000000c8000000| PB 0x00000000c8000000| Untracked |  0
|  53|0x00000000c8100000, 0x00000000c8100000, 0x00000000c8200000|  0%| F|  |TAMS 0x00000000c8100000| PB 0x00000000c8100000| Untracked |  0
|  54|0x00000000c8200000, 0x00000000c8200000, 0x00000000c8300000|  0%| F|  |TAMS 0x00000000c8200000| PB 0x00000000c8200000| Untracked |  0
|  55|0x00000000c8300000, 0x00000000c8399f28, 0x00000000c8400000| 60%| E|  |TAMS 0x00000000c8300000| PB 0x00000000c8300000| Complete |  0
|  56|0x00000000c8400000, 0x00000000c8500000, 0x00000000c8500000|100%| E|CS|TAMS 0x00000000c8400000| PB 0x00000000c8400000| Complete |  0
|  57|0x00000000c8500000, 0x00000000c8600000, 0x00000000c8600000|100%| E|CS|TAMS 0x00000000c8500000| PB 0x00000000c8500000| Complete |  0
|  58|0x00000000c8600000, 0x00000000c8700000, 0x00000000c8700000|100%| E|CS|TAMS 0x00000000c8600000| PB 0x00000000c8600000| Complete |  0
|  59|0x00000000c8700000, 0x00000000c8800000, 0x00000000c8800000|100%| E|CS|TAMS 0x00000000c8700000| PB 0x00000000c8700000| Complete |  0

Card table byte_map: [0x00000260b01a0000,0x00000260b0380000] _byte_map_base: 0x00000260afb7a000

Marking Bits: (CMBitMap*) 0x0000026098a9eab0
 Bits: [0x00000260b0380000, 0x00000260b1250000)

Polling page: 0x0000026096850000

Metaspace:

Usage:
  Non-class:     10.00 MB used.
      Class:      1.40 MB used.
       Both:     11.40 MB used.

Virtual space:
  Non-class space:       64.00 MB reserved,      10.06 MB ( 16%) committed,  1 nodes.
      Class space:        1.00 GB reserved,       1.50 MB ( <1%) committed,  1 nodes.
             Both:        1.06 GB reserved,      11.56 MB (  1%) committed. 

Chunk freelists:
   Non-Class:  5.00 MB
       Class:  14.53 MB
        Both:  19.53 MB

MaxMetaspaceSize: unlimited
CompressedClassSpaceSize: 1.00 GB
Initial GC threshold: 21.00 MB
Current GC threshold: 21.00 MB
CDS: on
 - commit_granule_bytes: 65536.
 - commit_granule_words: 8192.
 - virtual_space_node_default_size: 8388608.
 - enlarge_chunks_in_place: 1.
 - use_allocation_guard: 0.


Internal statistics:

num_allocs_failed_limit: 0.
num_arena_births: 166.
num_arena_deaths: 0.
num_vsnodes_births: 2.
num_vsnodes_deaths: 0.
num_space_committed: 185.
num_space_uncommitted: 0.
num_chunks_returned_to_freelist: 0.
num_chunks_taken_from_freelist: 241.
num_chunk_merges: 0.
num_chunk_splits: 135.
num_chunks_enlarged: 61.
num_inconsistent_stats: 0.

CodeHeap 'non-profiled nmethods': size=120064Kb used=472Kb max_used=472Kb free=119591Kb
 bounds [0x00000260a8c60000, 0x00000260a8ed0000, 0x00000260b01a0000]
CodeHeap 'profiled nmethods': size=120000Kb used=2293Kb max_used=2293Kb free=117706Kb
 bounds [0x00000260a11a0000, 0x00000260a1410000, 0x00000260a86d0000]
CodeHeap 'non-nmethods': size=5696Kb used=1731Kb max_used=1731Kb free=3964Kb
 bounds [0x00000260a86d0000, 0x00000260a8940000, 0x00000260a8c60000]
CodeCache: size=245760Kb, used=4496Kb, max_used=4496Kb, free=241261Kb
 total_blobs=2308, nmethods=1653, adapters=560, full_count=0
Compilation: enabled, stopped_count=0, restarted_count=0

Compilation events (20 events):
Event: 5.650 Thread 0x00000260b37ed970 nmethod 1597 0x00000260a13c1808 code [0x00000260a13c1940, 0x00000260a13c1db0]
Event: 5.652 Thread 0x00000260b37d1290 nmethod 1546% 0x00000260a8ccff08 code [0x00000260a8cd0240, 0x00000260a8cd3868]
Event: 5.653 Thread 0x00000260b37d1290 1572 %     4       sun.awt.image.PNGImageDecoder::filterRow @ 79 (460 bytes)
Event: 5.666 Thread 0x00000260b37ed970 1598 % !   3       sun.awt.image.ImageRepresentation::getOpaqueRGBImage @ 54 (164 bytes)
Event: 5.667 Thread 0x00000260b37ed970 nmethod 1598% 0x00000260a13c1e08 code [0x00000260a13c1fe0, 0x00000260a13c2a60]
Event: 5.667 Thread 0x00000260b37ed970 1599   !   3       sun.awt.image.ImageRepresentation::getOpaqueRGBImage (164 bytes)
Event: 5.667 Thread 0x00000260b37ed970 nmethod 1599 0x00000260a13c2b08 code [0x00000260a13c2ce0, 0x00000260a13c3628]
Event: 5.674 Thread 0x00000260b37d1290 nmethod 1572% 0x00000260a8cd3a08 code [0x00000260a8cd3b20, 0x00000260a8cd3f38]
Event: 5.674 Thread 0x00000260b37ed970 1601       3       java.awt.Container::checkAddToSelf (37 bytes)
Event: 5.674 Thread 0x00000260b37d1290 1600 % !   4       sun.awt.image.ImageRepresentation::getOpaqueRGBImage @ 54 (164 bytes)
Event: 5.674 Thread 0x00000260b37ed970 nmethod 1601 0x00000260a13c3708 code [0x00000260a13c3840, 0x00000260a13c3bd8]
Event: 5.674 Thread 0x00000260b37ed970 1602       3       java.awt.Container::checkNotAWindow (18 bytes)
Event: 5.674 Thread 0x00000260b37ed970 nmethod 1602 0x00000260a13c3c08 code [0x00000260a13c3d40, 0x00000260a13c4018]
Event: 5.682 Thread 0x00000260b37ed970 1603       3       java.lang.Integer::hashCode (8 bytes)
Event: 5.682 Thread 0x00000260b37ed970 nmethod 1603 0x00000260a13c4088 code [0x00000260a13c41a0, 0x00000260a13c4308]
Event: 5.682 Thread 0x00000260b37ed970 1604       3       java.lang.Integer::hashCode (2 bytes)
Event: 5.682 Thread 0x00000260b37ed970 nmethod 1604 0x00000260a13c4388 code [0x00000260a13c44a0, 0x00000260a13c4590]
Event: 6.704 Thread 0x00000260b37ed970 1605       3       java.lang.ref.ReferenceQueue::poll0 (65 bytes)
Event: 8.455 Thread 0x00000260b37ed970 nmethod 1605 0x00000260a13c4688 code [0x00000260a13c47e0, 0x00000260a13c4ca8]
Event: 8.455 Thread 0x00000260b37ed970 1606   !   3       java.util.concurrent.ConcurrentHashMap::replaceNode (437 bytes)

GC Heap History (2 events):
Event: 4.511 GC heap before
{Heap before GC invocations=0 (full 0):
 garbage-first heap   total reserved 970752K, committed 61440K, used 19456K [0x00000000c4c00000, 0x0000000100000000)
  region size 1024K, 14 young (14336K), 0 survivors (0K)
 Metaspace       used 10828K, committed 11008K, reserved 1114112K
  class space    used 1326K, committed 1408K, reserved 1048576K
}
Event: 4.531 GC heap after
{Heap after GC invocations=1 (full 0):
 garbage-first heap   total reserved 970752K, committed 61440K, used 11008K [0x00000000c4c00000, 0x0000000100000000)
  region size 1024K, 2 young (2048K), 2 survivors (2048K)
 Metaspace       used 10828K, committed 11008K, reserved 1114112K
  class space    used 1326K, committed 1408K, reserved 1048576K
}

Dll operation events (9 events):
Event: 0.024 Loaded shared library C:\Program Files\Java\jdk-23\bin\java.dll
Event: 0.152 Loaded shared library C:\Program Files\Java\jdk-23\bin\jsvml.dll
Event: 0.250 Loaded shared library C:\Program Files\Java\jdk-23\bin\net.dll
Event: 0.254 Loaded shared library C:\Program Files\Java\jdk-23\bin\nio.dll
Event: 0.295 Loaded shared library C:\Program Files\Java\jdk-23\bin\zip.dll
Event: 0.362 Loaded shared library C:\Program Files\Java\jdk-23\bin\jimage.dll
Event: 0.483 Loaded shared library C:\Program Files\Java\jdk-23\bin\awt.dll
Event: 0.863 Loaded shared library C:\Program Files\Java\jdk-23\bin\freetype.dll
Event: 0.865 Loaded shared library C:\Program Files\Java\jdk-23\bin\fontmanager.dll

Deoptimization events (20 events):
Event: 5.660 Thread 0x00000260f9f22700 DEOPT PACKING pc=0x00000260a13b23de sp=0x000000b7303ff540
Event: 5.660 Thread 0x00000260f9f22700 DEOPT UNPACKING pc=0x00000260a87284c2 sp=0x000000b7303fe9b0 mode 0
Event: 5.660 Thread 0x00000260f9f22700 DEOPT PACKING pc=0x00000260a13b23de sp=0x000000b7303ff540
Event: 5.660 Thread 0x00000260f9f22700 DEOPT UNPACKING pc=0x00000260a87284c2 sp=0x000000b7303fe9b0 mode 0
Event: 5.661 Thread 0x00000260f9f22700 DEOPT PACKING pc=0x00000260a13b23de sp=0x000000b7303ff540
Event: 5.661 Thread 0x00000260f9f22700 DEOPT UNPACKING pc=0x00000260a87284c2 sp=0x000000b7303fe9b0 mode 0
Event: 5.662 Thread 0x00000260f9f22700 DEOPT PACKING pc=0x00000260a13b23de sp=0x000000b7303ff540
Event: 5.662 Thread 0x00000260f9f22700 DEOPT UNPACKING pc=0x00000260a87284c2 sp=0x000000b7303fe9b0 mode 0
Event: 5.662 Thread 0x00000260f9f22700 DEOPT PACKING pc=0x00000260a13b23de sp=0x000000b7303ff540
Event: 5.662 Thread 0x00000260f9f22700 DEOPT UNPACKING pc=0x00000260a87284c2 sp=0x000000b7303fe9b0 mode 0
Event: 5.663 Thread 0x00000260f9f22700 DEOPT PACKING pc=0x00000260a13b23de sp=0x000000b7303ff540
Event: 5.663 Thread 0x00000260f9f22700 DEOPT UNPACKING pc=0x00000260a87284c2 sp=0x000000b7303fe9b0 mode 0
Event: 5.664 Thread 0x00000260f9f22700 Uncommon trap: trap_request=0xffffff45 fr.pc=0x00000260a8cd1ec0 relative=0x0000000000001c80
Event: 5.664 Thread 0x00000260f9f22700 Uncommon trap: reason=unstable_if action=reinterpret pc=0x00000260a8cd1ec0 method=sun.awt.image.PNGImageDecoder.produceImage()V @ 867 c2
Event: 5.664 Thread 0x00000260f9f22700 DEOPT PACKING pc=0x00000260a8cd1ec0 sp=0x000000b7303ff5c0
Event: 5.664 Thread 0x00000260f9f22700 DEOPT UNPACKING pc=0x00000260a8727982 sp=0x000000b7303ff550 mode 2
Event: 6.704 Thread 0x00000260b3badd10 Uncommon trap: trap_request=0xffffff45 fr.pc=0x00000260a8ca6670 relative=0x0000000000000110
Event: 6.704 Thread 0x00000260b3badd10 Uncommon trap: reason=unstable_if action=reinterpret pc=0x00000260a8ca6670 method=java.lang.ref.ReferenceQueue.headIsNull()Z @ 4 c2
Event: 6.704 Thread 0x00000260b3badd10 DEOPT PACKING pc=0x00000260a8ca6670 sp=0x000000b7300fd750
Event: 6.704 Thread 0x00000260b3badd10 DEOPT UNPACKING pc=0x00000260a8727982 sp=0x000000b7300fd610 mode 2

Classes loaded (20 events):
Event: 5.678 Loading class java/awt/peer/CanvasPeer
Event: 5.678 Loading class java/awt/peer/CanvasPeer done
Event: 5.678 Loading class sun/awt/windows/WCanvasPeer done
Event: 5.679 Loading class sun/awt/windows/WPanelPeer done
Event: 5.679 Loading class sun/awt/windows/WWindowPeer done
Event: 5.679 Loading class sun/awt/windows/WFramePeer done
Event: 5.679 Loading class sun/awt/windows/WWindowPeer$ActiveWindowListener
Event: 5.680 Loading class sun/awt/windows/WWindowPeer$ActiveWindowListener done
Event: 5.680 Loading class sun/awt/windows/WWindowPeer$GuiDisposedListener
Event: 5.680 Loading class sun/awt/windows/WWindowPeer$GuiDisposedListener done
Event: 5.680 Loading class sun/awt/RepaintArea
Event: 5.681 Loading class sun/awt/RepaintArea done
Event: 5.681 Loading class sun/awt/ExtendedKeyCodes
Event: 5.682 Loading class sun/awt/ExtendedKeyCodes done
Event: 5.698 Loading class sun/awt/EmbeddedFrame
Event: 5.699 Loading class sun/awt/EmbeddedFrame done
Event: 5.699 Loading class sun/awt/LightweightFrame
Event: 5.700 Loading class sun/awt/LightweightFrame done
Event: 5.700 Loading class sun/awt/im/InputMethodWindow
Event: 5.701 Loading class sun/awt/im/InputMethodWindow done

Classes unloaded (0 events):
No events

Classes redefined (0 events):
No events

Internal exceptions (20 events):
Event: 0.989 Thread 0x000002609676d820 Exception <a 'java/lang/ClassNotFoundException'{0x00000000c81b99b8}: ToolBar> (0x00000000c81b99b8) 
thrown [s\open\src\hotspot\share\classfile\systemDictionary.cpp, line 313]
Event: 0.989 Thread 0x000002609676d820 Exception <a 'java/lang/ClassNotFoundException'{0x00000000c81b9d28}: ToggleButton> (0x00000000c81b9d28) 
thrown [s\open\src\hotspot\share\classfile\systemDictionary.cpp, line 313]
Event: 0.989 Thread 0x000002609676d820 Exception <a 'java/lang/ClassNotFoundException'{0x00000000c81ba168}: javax/swing/JToolBarSeparator> (0x00000000c81ba168) 
thrown [s\open\src\hotspot\share\classfile\systemDictionary.cpp, line 313]
Event: 0.989 Thread 0x000002609676d820 Exception <a 'java/lang/ClassNotFoundException'{0x00000000c81ba478}: ToolBarSeparator> (0x00000000c81ba478) 
thrown [s\open\src\hotspot\share\classfile\systemDictionary.cpp, line 313]
Event: 0.990 Thread 0x000002609676d820 Exception <a 'java/lang/ClassNotFoundException'{0x00000000c81ba990}: ToolTip> (0x00000000c81ba990) 
thrown [s\open\src\hotspot\share\classfile\systemDictionary.cpp, line 313]
Event: 0.992 Thread 0x000002609676d820 Exception <a 'java/lang/ClassNotFoundException'{0x00000000c81bb2e0}: Tree> (0x00000000c81bb2e0) 
thrown [s\open\src\hotspot\share\classfile\systemDictionary.cpp, line 313]
Event: 0.992 Thread 0x000002609676d820 Exception <a 'java/lang/ClassNotFoundException'{0x00000000c81bb7d8}: Tree> (0x00000000c81bb7d8) 
thrown [s\open\src\hotspot\share\classfile\systemDictionary.cpp, line 313]
Event: 0.992 Thread 0x000002609676d820 Exception <a 'java/lang/ClassNotFoundException'{0x00000000c81bbb48}: javax/swing/JTreeCell> (0x00000000c81bbb48) 
thrown [s\open\src\hotspot\share\classfile\systemDictionary.cpp, line 313]
Event: 0.992 Thread 0x000002609676d820 Exception <a 'java/lang/ClassNotFoundException'{0x00000000c81bbe50}: TreeCell> (0x00000000c81bbe50) 
thrown [s\open\src\hotspot\share\classfile\systemDictionary.cpp, line 313]
Event: 0.993 Thread 0x000002609676d820 Exception <a 'java/lang/ClassNotFoundException'{0x00000000c81bc608}: RootPane> (0x00000000c81bc608) 
thrown [s\open\src\hotspot\share\classfile\systemDictionary.cpp, line 313]
Event: 0.997 Thread 0x000002609676d820 Exception <a 'java/lang/ClassNotFoundException'{0x00000000c81bf468}: com/sun/swing/internal/plaf/metal/resources/spi/metalProvider> (0x00000000c81bf468) 
thrown [s\open\src\hotspot\share\classfile\systemDictionary.cpp, line 313]
Event: 0.999 Thread 0x000002609676d820 Exception <a 'java/lang/ClassNotFoundException'{0x00000000c81c31c8}: com/sun/swing/internal/plaf/basic/resources/spi/basicProvider> (0x00000000c81c31c8) 
thrown [s\open\src\hotspot\share\classfile\systemDictionary.cpp, line 313]
Event: 2.103 Thread 0x00000260f98af390 Exception <a 'java/lang/ClassNotFoundException'{0x00000000c80a3ae0}: com/sun/swing/internal/plaf/synth/resources/spi/synthProvider> (0x00000000c80a3ae0) 
thrown [s\open\src\hotspot\share\classfile\systemDictionary.cpp, line 313]
Event: 2.139 Thread 0x00000260f98af390 Exception <a 'java/lang/NoSuchMethodError'{0x00000000c7f105e0}: 'int java.lang.invoke.Invokers$Holder.invokeExact_MT(java.lang.Object, java.lang.Object)'> (0x00000000c7f105e0) 
thrown [s\open\src\hotspot\share\interpreter\linkResolver.cpp, line 796]
Event: 2.151 Thread 0x00000260f98af390 Exception <a 'java/lang/NoSuchMethodError'{0x00000000c7f19160}: 'java.lang.Object java.lang.invoke.DirectMethodHandle$Holder.newInvokeSpecial(java.lang.Object, java.lang.Object, int)'> (0x00000000c7f19160) 
thrown [s\open\src\hotspot\share\interpreter\linkResolver.cpp, line 796]
Event: 2.161 Thread 0x00000260f98af390 Exception <a 'java/lang/NoSuchMethodError'{0x00000000c7f2d460}: 'java.lang.Object java.lang.invoke.DirectMethodHandle$Holder.invokeStatic(java.lang.Object, java.lang.Object, java.lang.Object, java.lang.Object, int)'> (0x00000000c7f2d460) 
thrown [s\open\src\hotspot\share\interpreter\linkResolver.cpp, line 796]
Event: 2.163 Thread 0x00000260f98af390 Exception <a 'java/lang/NoSuchMethodError'{0x00000000c7f35a88}: 'int java.lang.invoke.DirectMethodHandle$Holder.invokeSpecial(java.lang.Object, java.lang.Object, java.lang.Object)'> (0x00000000c7f35a88) 
thrown [s\open\src\hotspot\share\interpreter\linkResolver.cpp, line 796]
Event: 3.722 Thread 0x00000260f98af390 Exception <a 'java/lang/NoSuchMethodError'{0x00000000c7ced458}: 'java.lang.Object java.lang.invoke.DirectMethodHandle$Holder.invokeInterface(java.lang.Object, java.lang.Object)'> (0x00000000c7ced458) 
thrown [s\open\src\hotspot\share\interpreter\linkResolver.cpp, line 796]
Event: 3.914 Thread 0x00000260f9f22700 Exception <a 'java/lang/NoSuchMethodError'{0x00000000c7b5b2e8}: 'java.lang.Object java.lang.invoke.DirectMethodHandle$Holder.newInvokeSpecial(java.lang.Object, java.lang.Object, java.lang.Object, int, int, int, int, int)'> (0x00000000c7b5b2e8) 
thrown [s\open\src\hotspot\share\interpreter\linkResolver.cpp, line 796]
Event: 8.455 Thread 0x00000260b3badd10 Exception <a 'java/lang/NoSuchMethodError'{0x00000000c83312d8}: 'void java.lang.invoke.DirectMethodHandle$Holder.invokeVirtual(java.lang.Object, java.lang.Object)'> (0x00000000c83312d8) 
thrown [s\open\src\hotspot\share\interpreter\linkResolver.cpp, line 796]

VM Operations (14 events):
Event: 0.269 Executing VM operation: HandshakeAllThreads (Deoptimize)
Event: 0.269 Executing VM operation: HandshakeAllThreads (Deoptimize) done
Event: 0.559 Executing VM operation: HandshakeAllThreads (Deoptimize)
Event: 0.559 Executing VM operation: HandshakeAllThreads (Deoptimize) done
Event: 2.337 Executing VM operation: HandshakeAllThreads (Deoptimize)
Event: 2.337 Executing VM operation: HandshakeAllThreads (Deoptimize) done
Event: 2.423 Executing VM operation: HandshakeAllThreads (Deoptimize)
Event: 2.423 Executing VM operation: HandshakeAllThreads (Deoptimize) done
Event: 3.876 Executing VM operation: HandshakeAllThreads (Deoptimize)
Event: 3.876 Executing VM operation: HandshakeAllThreads (Deoptimize) done
Event: 4.510 Executing VM operation: G1CollectForAllocation (G1 Evacuation Pause)
Event: 4.531 Executing VM operation: G1CollectForAllocation (G1 Evacuation Pause) done
Event: 5.678 Executing VM operation: HandshakeAllThreads (Deoptimize)
Event: 5.679 Executing VM operation: HandshakeAllThreads (Deoptimize) done

Memory protections (0 events):
No events

Nmethod flushes (0 events):
No events

Events (20 events):
Event: 0.145 Thread 0x000002609676d820 Thread added: 0x00000260b37c3d70
Event: 0.146 Thread 0x000002609676d820 Thread added: 0x00000260b37c56f0
Event: 0.147 Thread 0x000002609676d820 Thread added: 0x00000260b37c9ab0
Event: 0.148 Thread 0x000002609676d820 Thread added: 0x00000260b37cc610
Event: 0.148 Thread 0x000002609676d820 Thread added: 0x00000260b37ceba0
Event: 0.148 Thread 0x000002609676d820 Thread added: 0x00000260b37cf6f0
Event: 0.148 Thread 0x000002609676d820 Thread added: 0x00000260b37d1290
Event: 0.150 Thread 0x000002609676d820 Thread added: 0x00000260b37ed970
Event: 0.231 Thread 0x000002609676d820 Thread added: 0x00000260b38f1ac0
Event: 0.286 Thread 0x000002609676d820 Thread added: 0x00000260b3a38a20
Event: 0.614 Thread 0x000002609676d820 Thread added: 0x00000260b3baa830
Event: 0.621 Thread 0x000002609676d820 Thread added: 0x00000260b3baceb0
Event: 0.639 Thread 0x000002609676d820 Thread added: 0x00000260b3badd10
Event: 2.027 Thread 0x00000260b3baceb0 Thread exited: 0x00000260b3baceb0
Event: 2.045 Thread 0x000002609676d820 Thread added: 0x00000260f98aed20
Event: 2.045 Thread 0x000002609676d820 Thread added: 0x00000260f98af390
Event: 2.046 Thread 0x000002609676d820 Thread exited: 0x000002609676d820
Event: 2.047 Thread 0x000002609676d820 Thread added: 0x000002609676d820
Event: 2.646 Thread 0x00000260f98af390 Thread added: 0x00000260f9cb3ea0
Event: 3.902 Thread 0x00000260f98af390 Thread added: 0x00000260f9f22700


Dynamic libraries:
0x00007ff7b6a30000 - 0x00007ff7b6a40000 	C:\Program Files\Java\jdk-23\bin\java.exe
0x00007ffa4bd60000 - 0x00007ffa4bfc6000 	C:\WINDOWS\SYSTEM32\ntdll.dll
0x00007ffa4ac30000 - 0x00007ffa4acf9000 	C:\WINDOWS\System32\KERNEL32.DLL
0x00007ffa49570000 - 0x00007ffa4993c000 	C:\WINDOWS\System32\KERNELBASE.dll
0x00007ffa49120000 - 0x00007ffa4926b000 	C:\WINDOWS\System32\ucrtbase.dll
0x00007ffa3a2e0000 - 0x00007ffa3a2f7000 	C:\Program Files\Java\jdk-23\bin\jli.dll
0x00007ffa45760000 - 0x00007ffa4577b000 	C:\Program Files\Java\jdk-23\bin\VCRUNTIME140.dll
0x00007ffa49e70000 - 0x00007ffa4a03a000 	C:\WINDOWS\System32\USER32.dll
0x00007ffa48fb0000 - 0x00007ffa48fd7000 	C:\WINDOWS\System32\win32u.dll
0x00007ffa4abc0000 - 0x00007ffa4abeb000 	C:\WINDOWS\System32\GDI32.dll
0x00007ffa48fe0000 - 0x00007ffa49112000 	C:\WINDOWS\System32\gdi32full.dll
0x00007ffa49940000 - 0x00007ffa499e3000 	C:\WINDOWS\System32\msvcp_win.dll
0x00007ffa300e0000 - 0x00007ffa3037a000 	C:\WINDOWS\WinSxS\amd64_microsoft.windows.common-controls_6595b64144ccf1df_6.0.26100.3912_none_3e07963ce335137e\COMCTL32.dll
0x00007ffa49ba0000 - 0x00007ffa49c49000 	C:\WINDOWS\System32\msvcrt.dll
0x00007ffa4abf0000 - 0x00007ffa4ac20000 	C:\WINDOWS\System32\IMM32.DLL
0x00007ffa43880000 - 0x00007ffa4388c000 	C:\Program Files\Java\jdk-23\bin\vcruntime140_1.dll
0x00007ffa39280000 - 0x00007ffa3930e000 	C:\Program Files\Java\jdk-23\bin\msvcp140.dll
0x00007ff9c1da0000 - 0x00007ff9c2aef000 	C:\Program Files\Java\jdk-23\bin\server\jvm.dll
0x00007ffa4ab00000 - 0x00007ffa4abb2000 	C:\WINDOWS\System32\ADVAPI32.dll
0x00007ffa4a660000 - 0x00007ffa4a706000 	C:\WINDOWS\System32\sechost.dll
0x00007ffa49c50000 - 0x00007ffa49d66000 	C:\WINDOWS\System32\RPCRT4.dll
0x00007ffa4b200000 - 0x00007ffa4b274000 	C:\WINDOWS\System32\WS2_32.dll
0x00007ffa40c50000 - 0x00007ffa40c86000 	C:\WINDOWS\SYSTEM32\WINMM.dll
0x00007ffa486b0000 - 0x00007ffa4870e000 	C:\WINDOWS\SYSTEM32\POWRPROF.dll
0x00007ffa38de0000 - 0x00007ffa38deb000 	C:\WINDOWS\SYSTEM32\VERSION.dll
0x00007ffa48690000 - 0x00007ffa486a4000 	C:\WINDOWS\SYSTEM32\UMPDC.dll
0x00007ffa47cb0000 - 0x00007ffa47cca000 	C:\WINDOWS\SYSTEM32\kernel.appcore.dll
0x00007ffa433a0000 - 0x00007ffa433aa000 	C:\Program Files\Java\jdk-23\bin\jimage.dll
0x00007ffa46550000 - 0x00007ffa46791000 	C:\WINDOWS\SYSTEM32\DBGHELP.DLL
0x00007ffa4ae70000 - 0x00007ffa4b1f4000 	C:\WINDOWS\System32\combase.dll
0x00007ffa4a9c0000 - 0x00007ffa4aaa0000 	C:\WINDOWS\System32\OLEAUT32.dll
0x00007ffa2b400000 - 0x00007ffa2b439000 	C:\WINDOWS\SYSTEM32\dbgcore.DLL
0x00007ffa499f0000 - 0x00007ffa49a89000 	C:\WINDOWS\System32\bcryptPrimitives.dll
0x00007ffa3a660000 - 0x00007ffa3a67e000 	C:\Program Files\Java\jdk-23\bin\java.dll
0x00007ffa4a810000 - 0x00007ffa4a9af000 	C:\WINDOWS\System32\ole32.dll
0x00007ffa4b340000 - 0x00007ffa4ba6d000 	C:\WINDOWS\System32\SHELL32.dll
0x00007ffa49270000 - 0x00007ffa493e4000 	C:\WINDOWS\System32\wintypes.dll
0x00007ffa46b80000 - 0x00007ffa473d6000 	C:\WINDOWS\SYSTEM32\windows.storage.dll
0x00007ffa4a710000 - 0x00007ffa4a7ff000 	C:\WINDOWS\System32\SHCORE.dll
0x00007ffa4bad0000 - 0x00007ffa4bb39000 	C:\WINDOWS\System32\shlwapi.dll
0x00007ffa48e00000 - 0x00007ffa48e2f000 	C:\WINDOWS\SYSTEM32\profapi.dll
0x00007ffa394f0000 - 0x00007ffa395c7000 	C:\Program Files\Java\jdk-23\bin\jsvml.dll
0x00007ffa3a570000 - 0x00007ffa3a580000 	C:\Program Files\Java\jdk-23\bin\net.dll
0x00007ffa48220000 - 0x00007ffa4828a000 	C:\WINDOWS\system32\mswsock.dll
0x00007ffa394d0000 - 0x00007ffa394e6000 	C:\Program Files\Java\jdk-23\bin\nio.dll
0x00007ffa394b0000 - 0x00007ffa394c7000 	C:\Program Files\Java\jdk-23\bin\zip.dll
0x00007ffa39310000 - 0x00007ffa3949e000 	C:\Program Files\Java\jdk-23\bin\awt.dll
0x00007ffa45a20000 - 0x00007ffa45abe000 	C:\WINDOWS\SYSTEM32\apphelp.dll
0x00007ffa45bf0000 - 0x00007ffa45c9f000 	C:\WINDOWS\system32\uxtheme.dll
0x00007ffa4a040000 - 0x00007ffa4a19f000 	C:\WINDOWS\System32\MSCTF.dll
0x00007ffa45f40000 - 0x00007ffa45f76000 	C:\WINDOWS\system32\DWMAPI.DLL
0x00007ffa391f0000 - 0x00007ffa39277000 	C:\Program Files\Java\jdk-23\bin\freetype.dll
0x00007ffa39110000 - 0x00007ffa391e7000 	C:\Program Files\Java\jdk-23\bin\fontmanager.dll
0x00007ffa19110000 - 0x00007ffa1921c000 	C:\WINDOWS\system32\opengl32.dll
0x00007ffa190a0000 - 0x00007ffa190cd000 	C:\WINDOWS\SYSTEM32\GLU32.dll
0x00007ffa45d90000 - 0x00007ffa45dd7000 	C:\WINDOWS\SYSTEM32\dxcore.dll
0x00007ffa4b280000 - 0x00007ffa4b328000 	C:\WINDOWS\System32\clbcatq.dll

dbghelp: loaded successfully - version: 4.0.5 - missing functions: none
symbol engine: initialized successfully - sym options: 0x614 - pdb path: .;C:\Program Files\Java\jdk-23\bin;C:\WINDOWS\SYSTEM32;C:\WINDOWS\WinSxS\amd64_microsoft.windows.common-controls_6595b64144ccf1df_6.0.26100.3912_none_3e07963ce335137e;C:\Program Files\Java\jdk-23\bin\server

VM Arguments:
jvm_args: -Dfile.encoding=UTF-8 --enable-preview --module-path=C:\Users\julia\OneDrive\Desktop\TokkoDesktop\build\classes 
java_command: tokkoku.Pembelian_karyawan
java_class_path (initial): C:\Program Files\NetBeans-23\netbeans\java\modules\ext\AbsoluteLayout.jar;C:\Users\julia\OneDrive\Desktop\prjekkkan\Project TA semester\JavaApplication4\tanggal\jcalendar-0.8.1.jar;C:\Users\julia\OneDrive\Desktop\TokkoDesktop\src\lib\jesperLib\commons-collections4-4.4.jar;C:\Users\julia\OneDrive\Desktop\TokkoDesktop\src\lib\jesperLib\commons-digester-2.1.jar;C:\Users\julia\OneDrive\Desktop\TokkoDesktop\src\lib\jesperLib\commons-logging-1.2.jar;C:\Users\julia\OneDrive\Desktop\TokkoDesktop\src\lib\jesperLib\groovy-all-2.4.21.jar;C:\Users\julia\OneDrive\Desktop\TokkoDesktop\src\lib\jesperLib\iText-2.1.7.js2.jar;C:\Users\julia\OneDrive\Desktop\TokkoDesktop\src\lib\jesperLib\jasperreports-6.20.6.jar;C:\Users\julia\OneDrive\Desktop\TokkoDesktop\src\lib\jesperLib\jasperreports-fonts-6.20.6.jar;C:\Users\julia\OneDrive\Desktop\TokkoDesktop\src\lib\jesperLib\rhino-1.7.14.jar;C:\Users\julia\Downloads\swingx-core-1.6.2-2.jar;C:\Users\julia\OneDrive\Dokumen\mysql-connector-j-8.3.0.jar;C:\Users\julia\OneDrive\Desktop\TokkoDesktop\build\classes
Launcher Type: SUN_STANDARD

[Global flags]
     intx CICompilerCount                          = 3                                         {product} {ergonomic}
     uint ConcGCThreads                            = 1                                         {product} {ergonomic}
     uint G1ConcRefinementThreads                  = 4                                         {product} {ergonomic}
   size_t G1HeapRegionSize                         = 1048576                                   {product} {ergonomic}
   size_t InitialHeapSize                          = 62914560                                  {product} {ergonomic}
   size_t MarkStackSize                            = 4194304                                   {product} {ergonomic}
   size_t MarkStackSizeMax                         = 536870912                                 {product} {ergonomic}
   size_t MaxHeapSize                              = 994050048                                 {product} {ergonomic}
   size_t MaxNewSize                               = 595591168                                 {product} {ergonomic}
   size_t MinHeapDeltaBytes                        = 1048576                                   {product} {ergonomic}
   size_t MinHeapSize                              = 8388608                                   {product} {ergonomic}
    uintx NonNMethodCodeHeapSize                   = 5832704                                {pd product} {ergonomic}
    uintx NonProfiledCodeHeapSize                  = 122945536                              {pd product} {ergonomic}
    uintx ProfiledCodeHeapSize                     = 122880000                              {pd product} {ergonomic}
    uintx ReservedCodeCacheSize                    = 251658240                              {pd product} {ergonomic}
     bool SegmentedCodeCache                       = true                                      {product} {ergonomic}
   size_t SoftMaxHeapSize                          = 994050048                              {manageable} {ergonomic}
     bool UseCompressedOops                        = true                           {product lp64_product} {ergonomic}
     bool UseG1GC                                  = true                                      {product} {ergonomic}
     bool UseLargePagesIndividualAllocation        = false                                  {pd product} {ergonomic}

Logging:
Log output configuration:
 #0: stdout all=warning uptime,level,tags foldmultilines=false
 #1: stderr all=off uptime,level,tags foldmultilines=false

Environment Variables:
PATH=C:\Program Files\Common Files\Oracle\Java\javapath;C:\WINDOWS\system32;C:\WINDOWS;C:\WINDOWS\System32\Wbem;C:\WINDOWS\System32\WindowsPowerShell\v1.0\;C:\WINDOWS\System32\OpenSSH\;C:\Program Files\Git\cmd;C:\Users\julia\AppData\Local\Microsoft\WindowsApps;C:\Users\julia\AppData\Local\Programs\Microsoft VS Code\bin;
USERNAME=julia
OS=Windows_NT
PROCESSOR_IDENTIFIER=Intel64 Family 6 Model 140 Stepping 1, GenuineIntel
TMP=C:\Users\julia\AppData\Local\Temp
TEMP=C:\Users\julia\AppData\Local\Temp




Periodic native trim disabled

---------------  S Y S T E M  ---------------

OS:
 Windows 11 , 64 bit Build 26100 (10.0.26100.3912)
OS uptime: 0 days 4:43 hours

CPU: total 4 (initial active 4) (2 cores per cpu, 2 threads per core) family 6 model 140 stepping 1 microcode 0xa4, cx8, cmov, fxsr, ht, mmx, 3dnowpref, sse, sse2, sse3, ssse3, sse4.1, sse4.2, popcnt, lzcnt, tsc, tscinvbit, avx, avx2, aes, erms, clmul, bmi1, bmi2, adx, avx512f, avx512dq, avx512cd, avx512bw, avx512vl, sha, fma, vzeroupper, avx512_vpopcntdq, avx512_vpclmulqdq, avx512_vaes, avx512_vnni, clflush, clflushopt, clwb, avx512_vbmi2, avx512_vbmi, rdtscp, rdpid, fsrm, gfni, avx512_bitalg, f16c, pku, cet_ibt, cet_ss, avx512_ifma
Processor Information for the first 4 processors :
  Max Mhz: 2995, Current Mhz: 2995, Mhz Limit: 2995

Memory: 4k page, system-wide physical 3790M (151M free)
TotalPageFile size 15566M (AvailPageFile size 0M)
current process WorkingSet (physical memory assigned to process): 73M, peak: 75M
current process commit charge ("private bytes"): 155M, peak: 155M

vm_info: Java HotSpot(TM) 64-Bit Server VM (23.0.1+11-39) for windows-amd64 JRE (23.0.1+11-39), built on 2024-09-30T07:20:43Z with MS VC++ 17.6 (VS2022)

END.
